[Bootstrap]
SetupTitle=Install
SetupText=Copying Files, please stand by.
CabFile=Assemb1.CAB
Spawn=Setup1.exe
Uninstal=st6unst.exe
TmpDir=msftqws.pdw
Cabs=2

[Bootstrap Files]
File1=@VB6STKIT.DLL,$(WinSysPathSysFile),,,6/18/98 12:00:00 AM,102912,6.0.81.69
File2=@COMCAT.DLL,$(WinSysPathSysFile),$(DLLSelfRegister),,5/31/98 12:00:00 AM,22288,4.71.1460.1
File3=@STDOLE2.TLB,$(WinSysPathSysFile),$(TLBRegister),,4/23/99 10:22:00 PM,17920,2.40.4275.1
File4=@ASYCFILT.DLL,$(WinSysPathSysFile),,,4/23/99 10:22:00 PM,147728,2.40.4275.1
File5=@OLEPRO32.DLL,$(WinSysPathSysFile),$(DLLSelfRegister),,4/23/99 10:22:00 PM,164112,5.0.4275.1
File6=@OLEAUT32.DLL,$(WinSysPathSysFile),$(DLLSelfRegister),,4/23/99 10:22:00 PM,598288,2.40.4275.1
File7=@MSVBVM60.DLL,$(WinSysPathSysFile),$(DLLSelfRegister),,5/10/99 12:00:00 AM,1384448,6.0.84.95

[IconGroups]
Group0=8080 and Z80 Assembler Disassembler Suite
PrivateGroup0=True
Parent0=$(Programs)

[8080 and Z80 Assembler Disassembler Suite]
Icon1="Assembler8080.exe"
Title1=Assembler
StartIn1=$(AppPath)
Icon2="ImageBuild.exe"
Title2=Disk Image Builder
StartIn2=$(AppPath)
Icon3="BinToSDE.exe"
Title3=Binary Utility
StartIn3=$(AppPath)
Icon4="DisAssembler8080.exe"
Title4=Disassembler
StartIn4=$(AppPath)

[Setup]
Title=8080 and Z80 Assembler Disassembler Suite
DefaultDir=$(ProgramFiles)\prjAssembler8080
AppExe=Assembler8080.exe
AppToUninstall=Assembler8080.exe

[Setup1 Files]
File1=@z180.s,$(AppPath),,,10/31/04 11:34:26 PM,339,0.0.0.0
File2=@AS8080test.ls,$(AppPath),,,10/21/04 12:34:00 PM,12120,0.0.0.0
File3=@i8080.S,$(AppPath),,,2/6/04 1:53:40 PM,1161,0.0.0.0
File4=@z80.S,$(AppPath),,,3/28/04 4:53:40 PM,4936,0.0.0.0
File5=@UnsupportedMacLibZ80.txt,$(AppPath),,,3/27/04 11:17:06 PM,3349,0.0.0.0
File6=@testpound.s,$(AppPath),,,3/28/04 12:23:36 AM,1533,0.0.0.0
File7=@testixiy.s,$(AppPath),,,3/27/04 10:36:00 PM,2113,0.0.0.0
File8=@test1.s,$(AppPath),,,3/13/04 8:54:46 PM,235,0.0.0.0
File9=@readme.txt,$(AppPath),,,10/31/04 11:24:36 PM,13760,0.0.0.0
File10=@PageFD.ops,$(AppPath),,,2/13/04 4:31:38 PM,737,0.0.0.0
File11=@PageED.ops,$(AppPath),,,11/1/04 12:28:22 AM,1875,0.0.0.0
File12=@PageDD.ops,$(AppPath),,,2/24/04 6:03:56 PM,737,0.0.0.0
File13=@PageCB.ops,$(AppPath),,,10/19/04 5:52:02 PM,4006,0.0.0.0
File14=@Page0.ops,$(AppPath),,,10/2/04 5:55:04 PM,4628,0.0.0.0
File15=@OpTable.def,$(AppPath),,,10/31/04 10:53:12 PM,5872,0.0.0.0
File16=@ImageBuild.exe,$(AppPath),,,3/28/04 4:46:22 PM,49152,1.0.0.0
File17=@BinToSDE.exe,$(AppPath),,,3/28/04 4:29:38 PM,40960,1.0.0.0
File18=@DisAssembler8080.exe,$(AppPath),,,11/1/04 1:10:12 AM,81920,1.0.0.0
File19=@RICHED32.DLL,$(WinSysPathSysFile),,,5/7/98 12:00:00 AM,174352,4.0.993.4
File20=@RICHTX32.OCX,$(WinSysPath),$(DLLSelfRegister),$(Shared),6/24/98 12:00:00 AM,203576,6.0.81.69
File21=@COMDLG32.OCX,$(WinSysPath),$(DLLSelfRegister),$(Shared),4/11/00 11:00:02 AM,140288,6.0.84.18
File22=@Assembler8080.exe,$(AppPath),,,10/31/04 11:26:24 PM,143360,1.0.0.0

; The following lines may be deleted in order to obtain extra 
; space for customizing this file on a full installation diskette.
; 
; XXXXXXXXXXXXXXXXXXXXXXXXXXXXXXXXXXXXXXXXXXXXXXXXXXXXXXXXXXXX
; XXXXXXXXXXXXXXXXXXXXXXXXXXXXXXXXXXXXXXXXXXXXXXXXXXXXXXXXXXXX
; XXXXXXXXXXXXXXXXXXXXXXXXXXXXXXXXXXXXXXXXXXXXXXXXXXXXXXXXXXXX
; XXXXXXXXXXXXXXXXXXXXXXXXXXXXXXXXXXXXXXXXXXXXXXXXXXXXXXXXXXXX
; XXXXXXXXXXXXXXXXXXXXXXXXXXXXXXXXXXXXXXXXXXXXXXXXXXXXXXXXXXXX
; XXXXXXXXXXXXXXXXXXXXXXXXXXXXXXXXXXXXXXXXXXXXXXXXXXXXXXXXXXXX
; XXXXXXXXXXXXXXXXXXXXXXXXXXXXXXXXXXXXXXXXXXXXXXXXXXXXXXXXXXXX
; XXXXXXXXXXXXXXXXXXXXXXXXXXXXXXXXXXXXXXXXXXXXXXXXXXXXXXXXXXXX
; XXXXXXXXXXXXXXXXXXXXXXXXXXXXXXXXXXXXXXXXXXXXXXXXXXXXXXXXXXXX
; XXXXXXXXXXXXXXXXXXXXXXXXXXXXXXXXXXXXXXXXXXXXXXXXXXXXXXXXXXXX
; XXXXXXXXXXXXXXXXXXXXXXXXXXXXXXXXXXXXXXXXXXXXXXXXXXXXXXXXXXXX
; XXXXXXXXXXXXXXXXXXXXXXXXXXXXXXXXXXXXXXXXXXXXXXXXXXXXXXXXXXXX
; XXXXXXXXXXXXXXXXXXXXXXXXXXXXXXXXXXXXXXXXXXXXXXXXXXXXXXXXXXXX
; XXXXXXXXXXXXXXXXXXXXXXXXXXXXXXXXXXXXXXXXXXXXXXXXXXXXXXXXXXXX
; XXXXXXXXXXXXXXXXXXXXXXXXXXXXXXXXXXXXXXXXXXXXXXXXXXXXXXXXXXXX
; XXXXXXXXXXXXXXXXXXXXXXXXXXXXXXXXXXXXXXXXXXXXXXXXXXXXXXXXXXXX
; XXXXXXXXXXXXXXXXXXXXXXXXXXXXXXXXXXXXXXXXXXXXXXXXXXXXXXXXXXXX
; XXXXXXXXXXXXXXXXXXXXXXXXXXXXXXXXXXXXXXXXXXXXXXXXXXXXXXXXXXXX
; XXXXXXXXXXXXXXXXXXXXXXXXXXXXXXXXXXXXXXXXXXXXXXXXXXXXXXXXXXXX
; XXXXXXXXXXXXXXXXXXXXXXXXXXXXXXXXXXXXXXXXXXXXXXXXXXXXXXXXXXXX
; XXXXXXXXXXXXXXXXXXXXXXXXXXXXXXXXXXXXXXXXXXXXXXXXXXXXXXXXXXXX
; XXXXXXXXXXXXXXXXXXXXXXXXXXXXXXXXXXXXXXXXXXXXXXXXXXXXXXXXXXXX
; XXXXXXXXXXXXXXXXXXXXXXXXXXXXXXXXXXXXXXXXXXXXXXXXXXXXXXXXXXXX
; XXXXXXXXXXXXXXXXXXXXXXXXXXXXXXXXXXXXXXXXXXXXXXXXXXXXXXXXXXXX
; XXXXXXXXXXXXXXXXXXXXXXXXXXXXXXXXXXXXXXXXXXXXXXXXXXXXXXXXXXXX
; XXXXXXXXXXXXXXXXXXXXXXXXXXXXXXXXXXXXXXXXXXXXXXXXXXXXXXXXXXXX
; XXXXXXXXXXXXXXXXXXXXXXXXXXXXXXXXXXXXXXXXXXXXXXXXXXXXXXXXXXXX
; XXXXXXXXXXXXXXXXXXXXXXXXXXXXXXXXXXXXXXXXXXXXXXXXXXXXXXXXXXXX
; XXXXXXXXXXXXXXXXXXXXXXXXXXXXXXXXXXXXXXXXXXXXXXXXXXXXXXXXXXXX
; XXXXXXXXXXXXXXXXXXXXXXXXXXXXXXXXXXXXXXXXXXXXXXXXXXXXXXXXXXXX
; XXXXXXXXXXXXXXXXXXXXXXXXXXXXXXXXXXXXXXXXXXXXXXXXXXXXXXXXXXXX
; XXXXXXXXXXXXXXXXXXXXXXXXXXXXXXXXXXXXXXXXXXXXXXXXXXXXXXXXXXXX
; XXXXXXXXXXXXXXXXXXXXXXXXXXXXXXXXXXXXXXXXXXXXXXXXXXXXXXXXXXXX
; XXXXXXXXXXXXXXXXXXXXXXXXXXXXXXXXXXXXXXXXXXXXXXXXXXXXXXXXXXXX
; XXXXXXXXXXXXXXXXXXXXXXXXXXXXXXXXXXXXXXXXXXXXXXXXXXXXXXXXXXXX
